agencies_json = []
checkout_entry = <NULL>
checkout_sha = <NULL>
completed_at = <ts>
concurrency_key = <NULL>
content_hash = <NULL>
created_at = <ts>
duration_ms = <ms>
entity_code = _system
env_json = <NULL>
executor = ssh
exit_code = <NULL>
id = <id>
injection_audited = false
injects_secret = false
job_name = SSH Test — goldenhost
job_source = <NULL>
job_uid = <NULL>
killed_by = <NULL>
kind = ssh-test
log_archive_state = <NULL>
log_archived_at = <NULL>
log_raw_offset = 0
outputs_json = <NULL>
override_json = <NULL>
priority = 0
queued_reason = <NULL>
reacted_to_run_id = <NULL>
reaction_depth = 0
requires_json = <NULL>
run_type = bash
runner_id = <NULL>
runner_tag = <NULL>
schedule_name = <NULL>
scheduled_for = <NULL>
scope = <NULL>
script_ref = <NULL>
sla_warned_at = <NULL>
ssh_credential = <NULL>
ssh_user = <NULL>
started_at = <ts>
status = failure
suppressed_by_calendar = <NULL>
target_host = goldenhost
trigger_kind = manual
triggered_by = developer@cronomicon.local
workflow_run_id = <NULL>
