agencies_json = []
checkout_entry = site.yml
checkout_sha = deadbeefcafe
completed_at = <NULL>
concurrency_key = uid-golden
content_hash = sha256:0123
created_at = <ts>
duration_ms = <NULL>
entity_code = 00000001
env_json = {"JOB_LEVEL":"1"}
executor = ssh
exit_code = <NULL>
id = <id>
injection_audited = false
injects_secret = false
job_name = golden-job
job_source = git
job_uid = uid-golden
killed_by = <NULL>
kind = job
log_archive_state = <NULL>
log_archived_at = <NULL>
log_raw_offset = 0
outputs_json = <NULL>
override_json = <NULL>
priority = 0
queued_reason = no runner is online
reacted_to_run_id = <NULL>
reaction_depth = 0
requires_json = ["vault","collection:community.vmware","become-file"]
run_type = bash
runner_id = <NULL>
runner_tag = gpu
schedule_name = <NULL>
scheduled_for = <NULL>
scope = prod
script_ref = scripts/site.sh
sla_warned_at = <NULL>
ssh_credential = cred-1
ssh_user = deploy
started_at = <NULL>
status = queued
suppressed_by_calendar = <NULL>
target_host = db-1.internal
trigger_kind = workflow
triggered_by = alice@example.com
workflow_run_id = <wf-id>
