agencies_json = ["finance"]
checkout_entry = site.yml
checkout_sha = deadbeefcafe
completed_at = <NULL>
concurrency_key = ck-golden
content_hash = sha256:0123
created_at = <ts>
duration_ms = <NULL>
entity_code = 00000001
env_json = {"A":"1"}
executor = runner
exit_code = <NULL>
id = <id>
injection_audited = false
injects_secret = false
job_name = golden-job
job_source = git
job_uid = uid-golden
killed_by = <NULL>
kind = job
log_archive_state = <NULL>
log_archived_at = <NULL>
log_raw_offset = 0
outputs_json = <NULL>
override_json = {"env":{"B":"2"}}
priority = 5
queued_reason = no runner is online
reacted_to_run_id = run-parent
reaction_depth = 2
requires_json = ["vault","collection:community.vmware","become-file"]
run_type = ansible
runner_id = <NULL>
runner_tag = gpu
schedule_name = nightly
scheduled_for = 2026-02-01T00:00:00Z
scope = prod
script_ref = scripts/site.yml
sla_warned_at = <NULL>
ssh_credential = cred-1
ssh_user = deploy
started_at = <NULL>
status = queued
suppressed_by_calendar = <NULL>
target_host = db-1.internal
trigger_kind = manual
triggered_by = alice@example.com
workflow_run_id = <NULL>
