agencies_json = []
checkout_entry = <NULL>
checkout_sha = <NULL>
completed_at = <ts>
concurrency_key = ck-golden
content_hash = sha256:0123
created_at = <ts>
duration_ms = <NULL>
entity_code = 00000001
env_json = <NULL>
executor = runner
exit_code = <NULL>
id = <id>
injection_audited = false
injects_secret = false
job_name = golden-job
job_source = git
job_uid = uid-golden
killed_by = <NULL>
kind = job
log_archive_state = <NULL>
log_archived_at = <NULL>
log_raw_offset = 0
outputs_json = <NULL>
override_json = <NULL>
priority = 0
queued_reason = suppressed by working calendar
reacted_to_run_id = <NULL>
reaction_depth = 0
requires_json = <NULL>
run_type = ansible
runner_id = <NULL>
runner_tag = <NULL>
schedule_name = nightly
scheduled_for = <NULL>
scope = prod
script_ref = scripts/site.yml
sla_warned_at = <NULL>
ssh_credential = <NULL>
ssh_user = <NULL>
started_at = <ts>
status = skipped
suppressed_by_calendar = holidays
target_host = db-1.internal
trigger_kind = scheduled
triggered_by = scheduler
workflow_run_id = <NULL>
